PB6
---------- source file: test.psm                                                                   
           //t   .DEF    (@1) << 8
           
           //    .WLE    t( 123 )
           
     0100                        .SCR   0x780, 256
           
           
000                              .DSG   0
 00    00  s                     .LLE   2400_000_000
 00    04  SO_TEST               .ESG  
           
           ADF4351_REG0_FRACT    .DEF   ( ( ( @1 ) & 0xFFF ) << 3 )
           ADF4351_REG0_INT      .DEF   ( ( ( @1 ) & 0xFFFF ) << 15 )
           
           //ADF4351_REG0	.EQU	ADF4351_REG0_FRACT( 39 ) | ADF4351_REG0_INT( 78 )
           
           //ADF4351_REG2	.LLE	ADF4351_REG2_10BIT_R_CNT(r_cnt) | ADF4351_REG2_DOUBLE_BUFF_EN | (pdata->ref_doubler_en ? ADF4351_REG2_RMULT2_EN : 0) | (pdata->ref_div2_en ? ADF4351_REG2_RDIV2_EN : 0) | (pdata->r2_user_settings & (ADF4351_REG2_PD_POLARITY_POS | ADF4351_REG2_LDP_6ns | ADF4351_REG2_LDF_INT_N | ADF4351_REG2_CHARGE_PUMP_CURR_uA(5000) | ADF4351_REG2_MUXOUT(0x7) | ADF4351_REG2_NOISE_MODE(0x9)));
           
           
       FF  test0                 .EQU   255
     0255  test1                 .EQU   0x255
       AD  test2                 .EQU   0o255
           
           
